lake : error: build failed
所在位置 行:1 字符: 104
+ ... build\smallgroups\smallgroups"; lake build 2>build_errors.txt; Get-Co ...
+                                     ~~~~~~~~~~~~~~~~~~~~~~~~~~~~~
    + CategoryInfo          : NotSpecified: (error: build failed:String) [], RemoteException
    + FullyQualifiedErrorId : NativeCommandError
 
